// Jest Snapshot v1, https://goo.gl/fbAQLP

exports[`<PostCard /> should match snapshot 1`] = `
<div
  class="post"
>
  <img
    alt="title one"
    src="img/img.png"
  />
  <div
    class="postContent"
  >
    <h2>
      title one
    </h2>
    <p>
      Body one
    </p>
  </div>
</div>
`;
